// Jest Snapshot v1, https://goo.gl/fbAQLP

exports[`EntityFieldString edit test 1`] = `
<div>
  <div
    className="MuiFormControl-root MuiTextField-root"
  >
    <div
      className="MuiInputBase-root MuiOutlinedInput-root MuiInputBase-formControl"
      onClick={[Function]}
    >
      <input
        aria-invalid={false}
        autoFocus={false}
        className="MuiInputBase-input MuiOutlinedInput-input"
        disabled={false}
        onAnimationStart={[Function]}
        onBlur={[Function]}
        onChange={[Function]}
        onFocus={[Function]}
        placeholder=""
        required={false}
        type="text"
        value="Some text"
      />
      <fieldset
        aria-hidden={true}
        className="PrivateNotchedOutline-root-1 MuiOutlinedInput-notchedOutline"
        style={
          Object {
            "paddingLeft": 8,
          }
        }
      >
        <legend
          className="PrivateNotchedOutline-legend-2"
          style={
            Object {
              "width": 0.01,
            }
          }
        >
          <span
            dangerouslySetInnerHTML={
              Object {
                "__html": "&#8203;",
              }
            }
          />
        </legend>
      </fieldset>
    </div>
  </div>
</div>
`;

exports[`EntityFieldString view test 1`] = `
<div
  dangerouslySetInnerHTML={
    Object {
      "__html": "Text with <a href=\\"https://icerock.dev\\" target=\\"blank\\" rel=\\"nofollow\\">https://icerock.dev</a> link",
    }
  }
/>
`;
